[2026-08-04 19:16:19] [INFO] [OpenModelicaManager]: Starting OpenModelica Simulation Manager...
[2026-08-04 19:16:20] [WARNING] [OpenModelicaManager]: Stylesheet not found: resources\styles\dark_theme.qss
[2026-08-04 19:16:20] [INFO] [OpenModelicaManager]: OpenModelica Simulation Manager initialized successfully.
[2026-08-04 19:16:28] [INFO] [OpenModelicaManager]: Initiating simulation run for 'TwoConnectedTanks.py'
[2026-08-04 19:16:30] [INFO] [OpenModelicaManager]: Starting OpenModelica Simulation Manager...
[2026-08-04 19:16:30] [WARNING] [OpenModelicaManager]: Stylesheet not found: resources\styles\dark_theme.qss
[2026-08-04 19:16:30] [INFO] [OpenModelicaManager]: OpenModelica Simulation Manager initialized successfully.
[2026-08-04 19:16:35] [INFO] [OpenModelicaManager]: Simulation completed successfully in 7.17s.
[2026-08-04 19:16:47] [INFO] [OpenModelicaManager]: Initiating simulation run for 'TwoConnectedTanks.py'
[2026-08-04 19:16:49] [INFO] [OpenModelicaManager]: Starting OpenModelica Simulation Manager...
[2026-08-04 19:16:50] [WARNING] [OpenModelicaManager]: Stylesheet not found: resources\styles\dark_theme.qss
[2026-08-04 19:16:50] [INFO] [OpenModelicaManager]: OpenModelica Simulation Manager initialized successfully.
[2026-08-04 19:17:34] [INFO] [OpenModelicaManager]: Simulation completed successfully in 46.62s.
[2026-08-04 19:18:02] [INFO] [OpenModelicaManager]: Initiating simulation run for 'TwoConnectedTanks.py'
[2026-08-04 19:18:03] [INFO] [OpenModelicaManager]: Starting OpenModelica Simulation Manager...
[2026-08-04 19:18:04] [WARNING] [OpenModelicaManager]: Stylesheet not found: resources\styles\dark_theme.qss
[2026-08-04 19:18:04] [INFO] [OpenModelicaManager]: OpenModelica Simulation Manager initialized successfully.
[2026-08-04 19:18:08] [INFO] [OpenModelicaManager]: Simulation completed successfully in 5.98s.
[2026-08-04 19:20:25] [INFO] [OpenModelicaManager]: Initiating simulation run for 'TwoConnectedTanks.py'
[2026-08-04 19:20:27] [INFO] [OpenModelicaManager]: Starting OpenModelica Simulation Manager...
[2026-08-04 19:20:28] [WARNING] [OpenModelicaManager]: Stylesheet not found: resources\styles\dark_theme.qss
[2026-08-04 19:20:28] [INFO] [OpenModelicaManager]: OpenModelica Simulation Manager initialized successfully.
[2026-08-04 19:20:34] [INFO] [OpenModelicaManager]: Initiating simulation run for 'TwoConnectedTanks.py'
[2026-08-04 19:20:36] [INFO] [OpenModelicaManager]: Starting OpenModelica Simulation Manager...
[2026-08-04 19:20:37] [WARNING] [OpenModelicaManager]: Stylesheet not found: resources\styles\dark_theme.qss
[2026-08-04 19:20:37] [INFO] [OpenModelicaManager]: OpenModelica Simulation Manager initialized successfully.
[2026-08-04 19:21:50] [WARNING] [OpenModelicaManager]: Cancellation requested by user.
[2026-08-04 19:21:51] [ERROR] [OpenModelicaManager]: Simulation failed with exit code -15.
[2026-08-04 19:21:53] [INFO] [OpenModelicaManager]: Simulation completed successfully in 1m 28.10s.
